// Vitest Snapshot v1, https://vitest.dev/guide/snapshot.html

exports[`menu > renders correctly 1`] = `"<div data-testid=\\"menu\\" class=\\"transition-opacity will-change-auto\\"><div class=\\"flex flex-row justify-center\\"><div class=\\"px-2 py-1 mx-2 text-center border-2 cursor-pointer border-neutral-900\\" data-testid=\\"bnw\\">Black and White</div><div class=\\"px-2 py-1 mx-2 text-center border-2 cursor-pointer border-neutral-900\\" data-testid=\\"color\\">Color</div><div class=\\"px-2 py-1 mx-2 text-center border-2 cursor-pointer border-neutral-900\\" data-testid=\\"low-key\\">Low-Key</div></div></div>"`;
